<?xml version="1.0" encoding="utf-8"?><testsuite errors="0" failures="0" name="pytest" skips="0" tests="5" time="0.016"><testcase classname="sources.test_calc.TestCalc" file="sources/test_calc.py" line="15" name="test_add_floats" time="0.000652074813843"></testcase><testcase classname="sources.test_calc.TestCalc" file="sources/test_calc.py" line="8" name="test_add_integers" time="0.000507116317749"></testcase><testcase classname="sources.test_calc.TestCalc" file="sources/test_calc.py" line="30" name="test_add_string_and_integer" time="0.00051212310791"></testcase><testcase classname="sources.test_calc.TestCalc" file="sources/test_calc.py" line="38" name="test_add_string_and_number" time="0.000519275665283"></testcase><testcase classname="sources.test_calc.TestCalc" file="sources/test_calc.py" line="22" name="test_add_strings" time="0.000492095947266"></testcase></testsuite>